
### Shell environment set up for builds. ###

You can now run 'bitbake <target>'

Common targets are:
    core-image-minimal
    core-image-full-cmdline
    core-image-sato
    core-image-weston
    meta-toolchain
    meta-ide-support

You can also run generated qemu images with a command like 'runqemu qemux86'

Other commonly useful commands are:
 - 'devtool' and 'recipetool' handle common recipe tasks
 - 'bitbake-layers' handles common layer tasks
 - 'oe-pkgdata-util' handles common target package tasks
Loading cache...done.
Loaded 3923 entries from dependency cache.
Parsing recipes...done.
Parsing of 2518 .bb files complete (2517 cached, 1 parsed). 3924 targets, 131 skipped, 0 masked, 0 errors.
NOTE: Resolving any missing task queue dependencies

Build Configuration:
BB_VERSION           = "2.0.0"
BUILD_SYS            = "x86_64-linux"
NATIVELSBSTRING      = "universal"
TARGET_SYS           = "arm-poky-linux-gnueabi"
MACHINE              = "raspberrypi3"
DISTRO               = "poky"
DISTRO_VERSION       = "4.0.35"
TUNE_FEATURES        = "arm vfp cortexa7 neon vfpv4 thumb callconvention-hard"
TARGET_FPU           = "hard"
meta                 
meta-poky            
meta-yocto-bsp       = "kirkstone:4a5e618f5713600552c6c3edb1bfaa42c4506789"
meta-raspberrypi     = "kirkstone:255500dd9f6a01a3445ac491d1abc401801e3bad"
meta-oe              
meta-python          
meta-networking      
meta-filesystems     
meta-webserver       = "kirkstone:9d8ef26a9693e2c70ae34abe1a753873d42ec588"
meta-userapp-package = "feature/firmwareUpdate:9be962f2271c88fc681b85d63fbb80e2f49d0620"
meta-rauc            = "kirkstone:4cb7c47686d5dec9bacae6110f1bcaac57568691"
meta-rauc-raspberrypi = "kirkstone:05731f654511dc817d55e9cb02899efed3fe5bc3"

Initialising tasks...done.
Sstate summary: Wanted 3 Local 0 Mirrors 0 Missed 3 Current 1765 (0% match, 99% complete)
Removing 3 stale sstate objects for arch raspberrypi3...done.
NOTE: Executing Tasks
NOTE: Running task 4375 of 4391 (/home/pg3930/capstone1/raceiotprj/sources/meta-userapp-package/recipes-core/images/iot-gateway-bundle.bb:do_unpack)
NOTE: recipe iot-gateway-bundle-1.0-r0: task do_unpack: Started
NOTE: recipe iot-gateway-bundle-1.0-r0: task do_unpack: Succeeded
NOTE: Running noexec task 4385 of 4391 (/home/pg3930/capstone1/raceiotprj/sources/meta-userapp-package/recipes-core/images/iot-gateway-bundle.bb:do_patch)
NOTE: Running task 4386 of 4391 (/home/pg3930/capstone1/raceiotprj/sources/meta-userapp-package/recipes-core/images/iot-gateway-bundle.bb:do_deploy_source_date_epoch)
NOTE: Running task 4387 of 4391 (/home/pg3930/capstone1/raceiotprj/sources/meta-userapp-package/recipes-core/images/iot-gateway-bundle.bb:do_populate_lic)
NOTE: recipe iot-gateway-bundle-1.0-r0: task do_deploy_source_date_epoch: Started
NOTE: recipe iot-gateway-bundle-1.0-r0: task do_deploy_source_date_epoch: Succeeded
NOTE: Running task 4388 of 4391 (/home/pg3930/capstone1/raceiotprj/sources/meta-userapp-package/recipes-core/images/iot-gateway-bundle.bb:do_configure)
NOTE: recipe iot-gateway-bundle-1.0-r0: task do_populate_lic: Started
NOTE: recipe iot-gateway-bundle-1.0-r0: task do_populate_lic: Succeeded
NOTE: recipe iot-gateway-bundle-1.0-r0: task do_configure: Started
NOTE: recipe iot-gateway-bundle-1.0-r0: task do_configure: Succeeded
NOTE: Running task 4389 of 4391 (/home/pg3930/capstone1/raceiotprj/sources/meta-userapp-package/recipes-core/images/iot-gateway-bundle.bb:do_bundle)
NOTE: recipe iot-gateway-bundle-1.0-r0: task do_bundle: Started
NOTE: recipe iot-gateway-bundle-1.0-r0: task do_bundle: Succeeded
NOTE: Running task 4390 of 4391 (/home/pg3930/capstone1/raceiotprj/sources/meta-userapp-package/recipes-core/images/iot-gateway-bundle.bb:do_deploy)
NOTE: recipe iot-gateway-bundle-1.0-r0: task do_deploy: Started
NOTE: recipe iot-gateway-bundle-1.0-r0: task do_deploy: Succeeded
NOTE: Running noexec task 4391 of 4391 (/home/pg3930/capstone1/raceiotprj/sources/meta-userapp-package/recipes-core/images/iot-gateway-bundle.bb:do_build)
NOTE: Tasks Summary: Attempted 4391 tasks of which 4383 didn't need to be rerun and all succeeded.
